Calculating task graph as no cached configuration is available for tasks: compileKotlinJvm

> Configure project :
warning: Dokka Gradle plugin V2 migration helpers are enabled
    
    Thank you for migrating to Dokka Gradle plugin V2!
    Migration is in progress, and helpers have been enabled.
    To learn about migrating read the migration guide https://kotl.in/dokka-gradle-migration
    
    Once you have finished migrating disable the migration helpers by adding
        org.jetbrains.dokka.experimental.gradle.pluginMode=V2Enabled
    to your project's `gradle.properties` file.
    
    We would appreciate your feedback!
     - Please report any feedback or problems https://kotl.in/dokka-issues
     - Chat with the community visit #dokka in https://kotlinlang.slack.com/ (To sign up visit https://kotl.in/slack)
    

> Task :kmpPartiallyResolvedDependenciesChecker
> Task :tools:editor:kmpPartiallyResolvedDependenciesChecker
> Task :examples:basic-scene:kmpPartiallyResolvedDependenciesChecker
> Task :examples:basic-scene:checkKotlinGradlePluginConfigurationErrors SKIPPED
> Task :tools:editor:checkKotlinGradlePluginConfigurationErrors SKIPPED
> Task :checkKotlinGradlePluginConfigurationErrors SKIPPED
> Task :jvmProcessResources NO-SOURCE
> Task :processJvmMainResources SKIPPED
> Task :tools:editor:convertXmlValueResourcesForJvmMain NO-SOURCE
> Task :tools:editor:convertXmlValueResourcesForCommonMain NO-SOURCE
> Task :tools:editor:generateComposeResClass SKIPPED
> Task :tools:editor:generateExpectResourceCollectorsForCommonMain SKIPPED
> Task :tools:editor:copyNonXmlValueResourcesForCommonMain NO-SOURCE
> Task :tools:editor:copyNonXmlValueResourcesForJvmMain NO-SOURCE
> Task :tools:profiler:kmpPartiallyResolvedDependenciesChecker
> Task :tools:profiler:checkKotlinGradlePluginConfigurationErrors SKIPPED
> Task :tools:editor:prepareComposeResourcesTaskForJvmMain NO-SOURCE
> Task :tools:editor:prepareComposeResourcesTaskForCommonMain NO-SOURCE
> Task :tools:tests:kmpPartiallyResolvedDependenciesChecker
> Task :tools:editor:generateResourceAccessorsForJvmMain SKIPPED
> Task :tools:editor:generateResourceAccessorsForCommonMain SKIPPED
> Task :tools:tests:checkKotlinGradlePluginConfigurationErrors SKIPPED
> Task :tools:editor:generateActualResourceCollectorsForJvmMain SKIPPED
> Task :compileKotlinJvm
e: file:///home/yousef/Projects/kmp/KreeKt/src/commonMain/kotlin/io/kreekt/animation/SkeletalAnimationSystem.kt:125:42 Unresolved reference 'bindTransform'.
e: file:///home/yousef/Projects/kmp/KreeKt/src/commonMain/kotlin/io/kreekt/animation/SkeletalAnimationSystem.kt:200:34 Cannot access 'fun Matrix4.compose(position: Vector3, quaternion: Quaternion, scale: Vector3): Matrix4': it is private in file.
e: file:///home/yousef/Projects/kmp/KreeKt/src/commonMain/kotlin/io/kreekt/animation/SkeletalAnimationSystem.kt:206:34 Cannot access 'fun Matrix4.compose(position: Vector3, quaternion: Quaternion, scale: Vector3): Matrix4': it is private in file.
e: file:///home/yousef/Projects/kmp/KreeKt/src/commonMain/kotlin/io/kreekt/animation/SkeletalAnimationSystem.kt:211:34 Cannot access 'fun Matrix4.compose(position: Vector3, quaternion: Quaternion, scale: Vector3): Matrix4': it is private in file.
e: file:///home/yousef/Projects/kmp/KreeKt/src/commonMain/kotlin/io/kreekt/animation/SkeletalAnimationSystem.kt:235:26 Cannot access 'fun Matrix4.compose(position: Vector3, quaternion: Quaternion, scale: Vector3): Matrix4': it is private in file.
e: file:///home/yousef/Projects/kmp/KreeKt/src/commonMain/kotlin/io/kreekt/animation/SkeletalAnimationSystem.kt:241:59 Unresolved reference 'inverseBindMatrix'.
e: file:///home/yousef/Projects/kmp/KreeKt/src/commonMain/kotlin/io/kreekt/animation/SkeletalAnimationSystem.kt:249:25 Unresolved reference 'parentIndex'.
e: file:///home/yousef/Projects/kmp/KreeKt/src/commonMain/kotlin/io/kreekt/animation/SkeletalAnimationSystem.kt:250:43 Unresolved reference 'parentIndex'.
e: file:///home/yousef/Projects/kmp/KreeKt/src/commonMain/kotlin/io/kreekt/lighting/LightingSystem.kt:43:31 Unresolved reference 'LightType'.
e: file:///home/yousef/Projects/kmp/KreeKt/src/commonMain/kotlin/io/kreekt/lighting/LightingSystem.kt:162:39 Unresolved reference 'LightType'.
e: file:///home/yousef/Projects/kmp/KreeKt/src/commonMain/kotlin/io/kreekt/lighting/LightingSystem.kt:174:9 Unresolved reference 'LightType'.
e: file:///home/yousef/Projects/kmp/KreeKt/src/commonMain/kotlin/io/kreekt/lighting/LightingSystem.kt:174:38 Cannot infer type for value parameter 'type'. Specify it explicitly.
e: file:///home/yousef/Projects/kmp/KreeKt/src/commonMain/kotlin/io/kreekt/lighting/LightingSystem.kt:175:13 Cannot infer type for type parameter 'K'. Specify it explicitly.
e: file:///home/yousef/Projects/kmp/KreeKt/src/commonMain/kotlin/io/kreekt/lighting/LightingSystem.kt:182:38 Unresolved reference 'type'.
e: file:///home/yousef/Projects/kmp/KreeKt/src/commonMain/kotlin/io/kreekt/lighting/LightingSystem.kt:183:79 Unresolved reference 'type'.
e: file:///home/yousef/Projects/kmp/KreeKt/src/commonMain/kotlin/io/kreekt/lighting/LightingSystem.kt:196:38 Unresolved reference 'type'.
e: file:///home/yousef/Projects/kmp/KreeKt/src/commonMain/kotlin/io/kreekt/lighting/LightingSystem.kt:197:79 Unresolved reference 'type'.
e: file:///home/yousef/Projects/kmp/KreeKt/src/commonMain/kotlin/io/kreekt/lighting/LightingSystem.kt:212:40 Unresolved reference 'LightType'.
e: file:///home/yousef/Projects/kmp/KreeKt/src/commonMain/kotlin/io/kreekt/physics/PhysicsImplementations.kt:135:1 Class 'DefaultCharacterController' is not abstract and does not implement abstract members:
fun getCollisionShape(): CollisionShape
fun setWalkDirection(walkDirection: Vector3): Unit
e: file:///home/yousef/Projects/kmp/KreeKt/src/commonMain/kotlin/io/kreekt/physics/PhysicsImplementations.kt:200:32 Unresolved reference 'hit'.
e: file:///home/yousef/Projects/kmp/KreeKt/src/commonMain/kotlin/io/kreekt/physics/PhysicsImplementations.kt:224:30 Unresolved reference 'Success'.
e: file:///home/yousef/Projects/kmp/KreeKt/src/commonMain/kotlin/io/kreekt/physics/PhysicsImplementations.kt:275:1 Class 'DefaultHingeConstraint' is not abstract and does not implement abstract member:
fun setEnabled(enabled: Boolean): Unit
e: file:///home/yousef/Projects/kmp/KreeKt/src/commonMain/kotlin/io/kreekt/physics/PhysicsImplementations.kt:327:30 Unresolved reference 'Success'.
e: file:///home/yousef/Projects/kmp/KreeKt/src/commonMain/kotlin/io/kreekt/physics/PhysicsImplementations.kt:387:57 This type is final, so it cannot be extended.
e: file:///home/yousef/Projects/kmp/KreeKt/src/commonMain/kotlin/io/kreekt/physics/PhysicsImplementations.kt:387:57 No value passed for parameter 'nodes'.
e: file:///home/yousef/Projects/kmp/KreeKt/src/commonMain/kotlin/io/kreekt/physics/PhysicsImplementations.kt:387:57 No value passed for parameter 'triangles'.
e: file:///home/yousef/Projects/kmp/KreeKt/src/commonMain/kotlin/io/kreekt/physics/PhysicsImplementations.kt:387:57 This type has a constructor, so it must be initialized here.
e: file:///home/yousef/Projects/kmp/KreeKt/src/commonMain/kotlin/io/kreekt/physics/PhysicsImplementations.kt:388:17 'raycast' overrides nothing.
e: file:///home/yousef/Projects/kmp/KreeKt/src/commonMain/kotlin/io/kreekt/physics/PhysicsImplementations.kt:389:17 'optimize' overrides nothing.
e: file:///home/yousef/Projects/kmp/KreeKt/src/commonMain/kotlin/io/kreekt/physics/PhysicsImplementations.kt:420:120 Unresolved reference 'Success'.
e: file:///home/yousef/Projects/kmp/KreeKt/src/commonMain/kotlin/io/kreekt/physics/PhysicsImplementations.kt:421:103 Unresolved reference 'Success'.
e: file:///home/yousef/Projects/kmp/KreeKt/src/commonMain/kotlin/io/kreekt/physics/PhysicsImplementations.kt:422:99 Unresolved reference 'Success'.
e: file:///home/yousef/Projects/kmp/KreeKt/src/commonMain/kotlin/io/kreekt/physics/PhysicsImplementations.kt:423:116 Unresolved reference 'Success'.
e: file:///home/yousef/Projects/kmp/KreeKt/src/commonMain/kotlin/io/kreekt/physics/PhysicsImplementations.kt:440:16 Class '<anonymous>' is not abstract and does not implement abstract member:
fun setEnabled(enabled: Boolean): Unit
e: file:///home/yousef/Projects/kmp/KreeKt/src/commonMain/kotlin/io/kreekt/physics/PhysicsImplementations.kt:454:16 Class '<anonymous>' is not abstract and does not implement abstract member:
fun setEnabled(enabled: Boolean): Unit
e: file:///home/yousef/Projects/kmp/KreeKt/src/commonMain/kotlin/io/kreekt/physics/PhysicsWorld.kt:19:62 Unresolved reference 'DYNAMIC_AABB_TREE'.
e: file:///home/yousef/Projects/kmp/KreeKt/src/commonMain/kotlin/io/kreekt/physics/PhysicsWorld.kt:31:53 Unresolved reference 'CollisionContact'.
e: file:///home/yousef/Projects/kmp/KreeKt/src/commonMain/kotlin/io/kreekt/physics/PhysicsWorld.kt:34:46 Unresolved reference 'Error'.
e: file:///home/yousef/Projects/kmp/KreeKt/src/commonMain/kotlin/io/kreekt/physics/PhysicsWorld.kt:42:34 Unresolved reference 'Success'.
e: file:///home/yousef/Projects/kmp/KreeKt/src/commonMain/kotlin/io/kreekt/physics/PhysicsWorld.kt:44:34 Unresolved reference 'Error'.
e: file:///home/yousef/Projects/kmp/KreeKt/src/commonMain/kotlin/io/kreekt/physics/PhysicsWorld.kt:44:57 Unresolved reference 'EngineError'.
e: file:///home/yousef/Projects/kmp/KreeKt/src/commonMain/kotlin/io/kreekt/physics/PhysicsWorld.kt:49:46 Unresolved reference 'Error'.
e: file:///home/yousef/Projects/kmp/KreeKt/src/commonMain/kotlin/io/kreekt/physics/PhysicsWorld.kt:55:34 Unresolved reference 'Success'.
e: file:///home/yousef/Projects/kmp/KreeKt/src/commonMain/kotlin/io/kreekt/physics/PhysicsWorld.kt:57:34 Unresolved reference 'Error'.
e: file:///home/yousef/Projects/kmp/KreeKt/src/commonMain/kotlin/io/kreekt/physics/PhysicsWorld.kt:57:57 Unresolved reference 'EngineError'.
e: file:///home/yousef/Projects/kmp/KreeKt/src/commonMain/kotlin/io/kreekt/physics/PhysicsWorld.kt:66:46 Unresolved reference 'Error'.
e: file:///home/yousef/Projects/kmp/KreeKt/src/commonMain/kotlin/io/kreekt/physics/PhysicsWorld.kt:72:34 Unresolved reference 'Success'.
e: file:///home/yousef/Projects/kmp/KreeKt/src/commonMain/kotlin/io/kreekt/physics/PhysicsWorld.kt:74:34 Unresolved reference 'Error'.
e: file:///home/yousef/Projects/kmp/KreeKt/src/commonMain/kotlin/io/kreekt/physics/PhysicsWorld.kt:74:57 Unresolved reference 'EngineError'.
e: file:///home/yousef/Projects/kmp/KreeKt/src/commonMain/kotlin/io/kreekt/physics/PhysicsWorld.kt:79:46 Unresolved reference 'Error'.
e: file:///home/yousef/Projects/kmp/KreeKt/src/commonMain/kotlin/io/kreekt/physics/PhysicsWorld.kt:83:34 Unresolved reference 'Success'.
e: file:///home/yousef/Projects/kmp/KreeKt/src/commonMain/kotlin/io/kreekt/physics/PhysicsWorld.kt:85:34 Unresolved reference 'Error'.
e: file:///home/yousef/Projects/kmp/KreeKt/src/commonMain/kotlin/io/kreekt/physics/PhysicsWorld.kt:85:57 Unresolved reference 'EngineError'.
e: file:///home/yousef/Projects/kmp/KreeKt/src/commonMain/kotlin/io/kreekt/physics/PhysicsWorld.kt:92:46 Unresolved reference 'Error'.
e: file:///home/yousef/Projects/kmp/KreeKt/src/commonMain/kotlin/io/kreekt/physics/PhysicsWorld.kt:98:34 Unresolved reference 'Success'.
e: file:///home/yousef/Projects/kmp/KreeKt/src/commonMain/kotlin/io/kreekt/physics/PhysicsWorld.kt:100:34 Unresolved reference 'Error'.
e: file:///home/yousef/Projects/kmp/KreeKt/src/commonMain/kotlin/io/kreekt/physics/PhysicsWorld.kt:100:57 Unresolved reference 'EngineError'.
e: file:///home/yousef/Projects/kmp/KreeKt/src/commonMain/kotlin/io/kreekt/physics/PhysicsWorld.kt:105:46 Unresolved reference 'Error'.
e: file:///home/yousef/Projects/kmp/KreeKt/src/commonMain/kotlin/io/kreekt/physics/PhysicsWorld.kt:109:34 Unresolved reference 'Success'.
e: file:///home/yousef/Projects/kmp/KreeKt/src/commonMain/kotlin/io/kreekt/physics/PhysicsWorld.kt:111:34 Unresolved reference 'Error'.
e: file:///home/yousef/Projects/kmp/KreeKt/src/commonMain/kotlin/io/kreekt/physics/PhysicsWorld.kt:111:57 Unresolved reference 'EngineError'.
e: file:///home/yousef/Projects/kmp/KreeKt/src/commonMain/kotlin/io/kreekt/physics/PhysicsWorld.kt:120:46 Unresolved reference 'Error'.
e: file:///home/yousef/Projects/kmp/KreeKt/src/commonMain/kotlin/io/kreekt/physics/PhysicsWorld.kt:121:44 Unresolved reference 'Success'.
e: file:///home/yousef/Projects/kmp/KreeKt/src/commonMain/kotlin/io/kreekt/physics/PhysicsWorld.kt:122:50 Unresolved reference 'Error'.
e: file:///home/yousef/Projects/kmp/KreeKt/src/commonMain/kotlin/io/kreekt/physics/PhysicsWorld.kt:143:34 Unresolved reference 'Success'.
e: file:///home/yousef/Projects/kmp/KreeKt/src/commonMain/kotlin/io/kreekt/physics/PhysicsWorld.kt:145:34 Unresolved reference 'Error'.
e: file:///home/yousef/Projects/kmp/KreeKt/src/commonMain/kotlin/io/kreekt/physics/PhysicsWorld.kt:145:57 Unresolved reference 'EngineError'.
e: file:///home/yousef/Projects/kmp/KreeKt/src/commonMain/kotlin/io/kreekt/physics/PhysicsWorld.kt:240:32 Unresolved reference 'CollisionContact'.
e: file:///home/yousef/Projects/kmp/KreeKt/src/commonMain/kotlin/io/kreekt/physics/PhysicsWorld.kt:256:38 Unresolved reference 'Success'.
e: file:///home/yousef/Projects/kmp/KreeKt/src/commonMain/kotlin/io/kreekt/physics/PhysicsWorld.kt:260:30 Unresolved reference 'Success'.
e: file:///home/yousef/Projects/kmp/KreeKt/src/commonMain/kotlin/io/kreekt/physics/PhysicsWorld.kt:264:47 Unresolved reference 'Error'.
e: file:///home/yousef/Projects/kmp/KreeKt/src/commonMain/kotlin/io/kreekt/physics/PhysicsWorld.kt:274:30 Unresolved reference 'Success'.
e: file:///home/yousef/Projects/kmp/KreeKt/src/commonMain/kotlin/io/kreekt/physics/PhysicsWorld.kt:314:35 Unresolved reference 'CollisionContact'.
e: file:///home/yousef/Projects/kmp/KreeKt/src/commonMain/kotlin/io/kreekt/physics/PhysicsWorld.kt:325:21 Inapplicable candidate(s): fun <K> WHEN_CALL(vararg branches: K): K
e: file:///home/yousef/Projects/kmp/KreeKt/src/commonMain/kotlin/io/kreekt/physics/PhysicsWorld.kt:330:44 Cannot infer type for type parameter 'T'. Specify it explicitly.
e: file:///home/yousef/Projects/kmp/KreeKt/src/commonMain/kotlin/io/kreekt/physics/PhysicsWorld.kt:330:44 Cannot infer type for type parameter 'R'. Specify it explicitly.
e: file:///home/yousef/Projects/kmp/KreeKt/src/commonMain/kotlin/io/kreekt/physics/PhysicsWorld.kt:330:44 Unresolved reference. None of the following candidates is applicable because of a receiver type mismatch:
fun <T, R> DeepRecursiveFunction<T, R>.invoke(value: T): R
e: file:///home/yousef/Projects/kmp/KreeKt/src/commonMain/kotlin/io/kreekt/physics/PhysicsWorld.kt:365:20 Interface 'interface RaycastResult : Any' does not have constructors.
e: file:///home/yousef/Projects/kmp/KreeKt/src/commonMain/kotlin/io/kreekt/physics/PhysicsWorld.kt:373:28 Unresolved reference 'hit'.
e: file:///home/yousef/Projects/kmp/KreeKt/src/commonMain/kotlin/io/kreekt/physics/PhysicsWorld.kt:373:50 Unresolved reference 'rigidBody'.
e: file:///home/yousef/Projects/kmp/KreeKt/src/commonMain/kotlin/io/kreekt/physics/PhysicsWorld.kt:374:31 Unresolved reference 'rigidBody'.
e: file:///home/yousef/Projects/kmp/KreeKt/src/commonMain/kotlin/io/kreekt/profiling/PerformanceMonitor.kt:330:35 Unresolved reference 'System'.
e: file:///home/yousef/Projects/kmp/KreeKt/src/commonMain/kotlin/io/kreekt/xr/XRAnchor.kt:180:16 Return type mismatch: expected 'XRAnchor?', actual 'XRResult<XRAnchor>'.
e: file:///home/yousef/Projects/kmp/KreeKt/src/commonMain/kotlin/io/kreekt/xr/XRInput.kt:201:23 Unresolved reference 'XRGaze'.
e: file:///home/yousef/Projects/kmp/KreeKt/src/commonMain/kotlin/io/kreekt/xr/XRInput.kt:202:5 'eyeSpace' overrides nothing.
e: file:///home/yousef/Projects/kmp/KreeKt/src/commonMain/kotlin/io/kreekt/xr/XRInput.kt:203:5 'isTracked' overrides nothing.
e: file:///home/yousef/Projects/kmp/KreeKt/src/commonMain/kotlin/io/kreekt/xr/XRInput.kt:213:5 'getEyePose' overrides nothing.
e: file:///home/yousef/Projects/kmp/KreeKt/src/commonMain/kotlin/io/kreekt/xr/XRInput.kt:218:5 'getGazeDirection' overrides nothing.
e: file:///home/yousef/Projects/kmp/KreeKt/src/commonMain/kotlin/io/kreekt/xr/XRInput.kt:280:1 Class 'DefaultXRJointSpace' is not abstract and does not implement abstract members:
val joint: XRHandJoint
val spaceId: String
e: file:///home/yousef/Projects/kmp/KreeKt/src/commonMain/kotlin/io/kreekt/xr/XRInput.kt:280:7 Redeclaration:
class DefaultXRJointSpace : XRJointSpace
e: file:///home/yousef/Projects/kmp/KreeKt/src/commonMain/kotlin/io/kreekt/xr/XRInput.kt:281:5 'jointName' overrides nothing.
e: file:///home/yousef/Projects/kmp/KreeKt/src/commonMain/kotlin/io/kreekt/xr/XRInput.kt:283:5 'id' overrides nothing.
e: file:///home/yousef/Projects/kmp/KreeKt/src/commonMain/kotlin/io/kreekt/xr/XRInput.kt:283:39 Unresolved reference 'jointName'.
e: file:///home/yousef/Projects/kmp/KreeKt/src/commonMain/kotlin/io/kreekt/xr/XRInput.kt:289:1 Class 'DefaultXRJointPose' is not abstract and does not implement abstract member:
val emulatedPosition: Boolean
e: file:///home/yousef/Projects/kmp/KreeKt/src/commonMain/kotlin/io/kreekt/xr/XRInput.kt:291:5 'position' overrides nothing.
e: file:///home/yousef/Projects/kmp/KreeKt/src/commonMain/kotlin/io/kreekt/xr/XRInput.kt:292:5 'orientation' overrides nothing.
e: file:///home/yousef/Projects/kmp/KreeKt/src/commonMain/kotlin/io/kreekt/xr/XRInput.kt:293:26 Type of 'radius' is not a subtype of overridden property 'val radius: Float' defined in 'io.kreekt.xr.XRJointPose'.
e: file:///home/yousef/Projects/kmp/KreeKt/src/commonMain/kotlin/io/kreekt/xr/XRInput.kt:297:5 'inverse' overrides nothing.
e: file:///home/yousef/Projects/kmp/KreeKt/src/commonMain/kotlin/io/kreekt/xr/XRInput.kt:299:13 No parameter with name 'transform' found.
e: file:///home/yousef/Projects/kmp/KreeKt/src/commonMain/kotlin/io/kreekt/xr/XRInput.kt:302:13 No parameter with name 'linearVelocity' found.
e: file:///home/yousef/Projects/kmp/KreeKt/src/commonMain/kotlin/io/kreekt/xr/XRInput.kt:303:13 No parameter with name 'angularVelocity' found.
e: file:///home/yousef/Projects/kmp/KreeKt/src/commonMain/kotlin/io/kreekt/xr/XRInput.kt:348:75 Only safe (?.) or non-null asserted (!!.) calls are allowed on a nullable receiver of type 'Matrix4?'.
e: file:///home/yousef/Projects/kmp/KreeKt/src/commonMain/kotlin/io/kreekt/xr/XRInput.kt:349:68 Only safe (?.) or non-null asserted (!!.) calls are allowed on a nullable receiver of type 'Matrix4?'.
e: file:///home/yousef/Projects/kmp/KreeKt/src/commonMain/kotlin/io/kreekt/xr/XRInput.kt:367:75 Only safe (?.) or non-null asserted (!!.) calls are allowed on a nullable receiver of type 'Matrix4?'.
e: file:///home/yousef/Projects/kmp/KreeKt/src/commonMain/kotlin/io/kreekt/xr/XRInput.kt:368:68 Only safe (?.) or non-null asserted (!!.) calls are allowed on a nullable receiver of type 'Matrix4?'.
e: file:///home/yousef/Projects/kmp/KreeKt/src/commonMain/kotlin/io/kreekt/xr/XRInput.kt:430:60 Only safe (?.) or non-null asserted (!!.) calls are allowed on a nullable receiver of type 'Matrix4?'.
e: file:///home/yousef/Projects/kmp/KreeKt/src/commonMain/kotlin/io/kreekt/xr/XRInput.kt:456:60 Only safe (?.) or non-null asserted (!!.) calls are allowed on a nullable receiver of type 'Matrix4?'.
e: file:///home/yousef/Projects/kmp/KreeKt/src/commonMain/kotlin/io/kreekt/xr/XRInput.kt:494:23 Unresolved reference 'XRGaze'.
e: file:///home/yousef/Projects/kmp/KreeKt/src/commonMain/kotlin/io/kreekt/xr/XRInput.kt:506:28 None of the following candidates is applicable:
val CoroutineContext.isActive: Boolean
val CoroutineScope.isActive: Boolean
e: file:///home/yousef/Projects/kmp/KreeKt/src/commonMain/kotlin/io/kreekt/xr/XRInput.kt:557:16 Unresolved reference 'gaze'.
e: file:///home/yousef/Projects/kmp/KreeKt/src/commonMain/kotlin/io/kreekt/xr/XRInput.kt:557:22 Cannot infer type for type parameter 'T'. Specify it explicitly.
e: file:///home/yousef/Projects/kmp/KreeKt/src/commonMain/kotlin/io/kreekt/xr/XRInput.kt:557:22 Cannot infer type for type parameter 'R'. Specify it explicitly.
e: file:///home/yousef/Projects/kmp/KreeKt/src/commonMain/kotlin/io/kreekt/xr/XRInput.kt:557:28 Cannot infer type for type parameter 'T'. Specify it explicitly.
e: file:///home/yousef/Projects/kmp/KreeKt/src/commonMain/kotlin/io/kreekt/xr/XRInput.kt:580:16 Unresolved reference 'gaze'.
e: file:///home/yousef/Projects/kmp/KreeKt/src/commonMain/kotlin/io/kreekt/xr/XRInput.kt:580:22 Cannot infer type for type parameter 'T'. Specify it explicitly.
e: file:///home/yousef/Projects/kmp/KreeKt/src/commonMain/kotlin/io/kreekt/xr/XRInput.kt:580:22 Cannot infer type for type parameter 'R'. Specify it explicitly.
e: file:///home/yousef/Projects/kmp/KreeKt/src/commonMain/kotlin/io/kreekt/xr/XRInput.kt:580:26 Cannot infer type for type parameter 'T'. Specify it explicitly.
e: file:///home/yousef/Projects/kmp/KreeKt/src/commonMain/kotlin/io/kreekt/xr/XRInput.kt:649:36 Unresolved reference 'XRGaze'.
e: file:///home/yousef/Projects/kmp/KreeKt/src/commonMain/kotlin/io/kreekt/xr/XRSession.kt:186:35 Unresolved reference 'fromTranslationRotation'.
e: file:///home/yousef/Projects/kmp/KreeKt/src/commonMain/kotlin/io/kreekt/xr/XRSession.kt:187:37 Inapplicable candidate(s): constructor(position: Vector3 = ..., orientation: Quaternion = ...): XRRigidTransform
e: file:///home/yousef/Projects/kmp/KreeKt/src/commonMain/kotlin/io/kreekt/xr/XRSession.kt:188:42 Cannot infer type for type parameter 'T'. Specify it explicitly.
e: file:///home/yousef/Projects/kmp/KreeKt/src/commonMain/kotlin/io/kreekt/xr/XRSession.kt:188:42 Cannot infer type for type parameter 'R'. Specify it explicitly.
e: file:///home/yousef/Projects/kmp/KreeKt/src/commonMain/kotlin/io/kreekt/xr/XRSession.kt:188:42 Unresolved reference. None of the following candidates is applicable because of a receiver type mismatch:
fun <T, R> Flow<T>.transform(crossinline transform: suspend FlowCollector<R>.(T) -> Unit): Flow<R>
e: file:///home/yousef/Projects/kmp/KreeKt/src/commonMain/kotlin/io/kreekt/xr/XRSession.kt:365:16 Interface 'interface XRPose : Any' does not have constructors.
e: file:///home/yousef/Projects/kmp/KreeKt/src/commonMain/kotlin/io/kreekt/xr/XRSession.kt:378:55 No value passed for parameter 'space'.
e: file:///home/yousef/Projects/kmp/KreeKt/src/commonMain/kotlin/io/kreekt/xr/XRSession.kt:378:55 No value passed for parameter 'entityTypes'.
e: file:///home/yousef/Projects/kmp/KreeKt/src/commonMain/kotlin/io/kreekt/xr/XRSession.kt:382:70 Unresolved reference 'HIT_TESTING'.
e: file:///home/yousef/Projects/kmp/KreeKt/src/commonMain/kotlin/io/kreekt/xr/XRSession.kt:390:69 No value passed for parameter 'profile'.
e: file:///home/yousef/Projects/kmp/KreeKt/src/commonMain/kotlin/io/kreekt/xr/XRSession.kt:390:69 No value passed for parameter 'entityTypes'.
e: file:///home/yousef/Projects/kmp/KreeKt/src/commonMain/kotlin/io/kreekt/xr/XRSession.kt:393:70 Unresolved reference 'HIT_TESTING'.
e: file:///home/yousef/Projects/kmp/KreeKt/src/commonMain/kotlin/io/kreekt/xr/XRSession.kt:399:42 Argument type mismatch: actual type is 'XRRigidTransform', but 'String' was expected.
e: file:///home/yousef/Projects/kmp/KreeKt/src/commonMain/kotlin/io/kreekt/xr/XRSession.kt:399:42 No value passed for parameter 'initialPose'.
e: file:///home/yousef/Projects/kmp/KreeKt/src/commonMain/kotlin/io/kreekt/xr/XRSession.kt:399:42 No value passed for parameter 'space'.
e: file:///home/yousef/Projects/kmp/KreeKt/src/commonMain/kotlin/io/kreekt/xr/XRSession.kt:423:49 No value passed for parameter 'position'.
e: file:///home/yousef/Projects/kmp/KreeKt/src/commonMain/kotlin/io/kreekt/xr/XRSession.kt:488:72 Unresolved reference 'System'.
e: file:///home/yousef/Projects/kmp/KreeKt/src/commonMain/kotlin/io/kreekt/xr/XRSession.kt:496:16 Interface 'interface XRPose : Any' does not have constructors.
e: file:///home/yousef/Projects/kmp/KreeKt/src/commonMain/kotlin/io/kreekt/xr/XRSession.kt:528:54 Unresolved reference 'perspective'.
e: file:///home/yousef/Projects/kmp/KreeKt/src/commonMain/kotlin/io/kreekt/xr/XRSession.kt:537:15 Redeclaration:
class DefaultXRHitTestSource : XRHitTestSource
e: file:///home/yousef/Projects/kmp/KreeKt/src/commonMain/kotlin/io/kreekt/xr/XRSession.kt:543:15 Redeclaration:
class DefaultXRTransientInputHitTestSource : XRTransientInputHitTestSource
e: file:///home/yousef/Projects/kmp/KreeKt/src/commonMain/kotlin/io/kreekt/xr/XRSession.kt:549:15 Redeclaration:
class DefaultXRLightProbe : XRLightProbe
e: file:///home/yousef/Projects/kmp/KreeKt/src/commonMain/kotlin/io/kreekt/xr/XRTypes.kt:39:11 Redeclaration:
interface XRSession : Any
e: file:///home/yousef/Projects/kmp/KreeKt/src/commonMain/kotlin/io/kreekt/xr/XRTypes.kt:64:11 Redeclaration:
interface XRFrame : Any
e: file:///home/yousef/Projects/kmp/KreeKt/src/commonMain/kotlin/io/kreekt/xr/XRTypes.kt:97:11 Redeclaration:
interface XRLayer : Any
e: file:///home/yousef/Projects/kmp/KreeKt/src/commonMain/kotlin/io/kreekt/xr/XRTypes.kt:104:11 Redeclaration:
interface XRWebGLLayer : XRLayer
e: file:///home/yousef/Projects/kmp/KreeKt/src/commonMain/kotlin/io/kreekt/xr/XRTypes.kt:124:11 Redeclaration:
interface XRViewerPose : Any
e: file:///home/yousef/Projects/kmp/KreeKt/src/commonMain/kotlin/io/kreekt/xr/XRTypes.kt:131:11 Redeclaration:
interface XRView : Any
e: file:///home/yousef/Projects/kmp/KreeKt/src/commonMain/kotlin/io/kreekt/xr/XRTypes.kt:232:11 Redeclaration:
interface XRController : XRInputSource
e: file:///home/yousef/Projects/kmp/KreeKt/src/commonMain/kotlin/io/kreekt/xr/XRTypes.kt:249:12 Redeclaration:
data class XRHitTestOptions : Any
e: file:///home/yousef/Projects/kmp/KreeKt/src/commonMain/kotlin/io/kreekt/xr/XRTypes.kt:258:12 Redeclaration:
data class XRTransientInputHitTestOptions : Any
e: file:///home/yousef/Projects/kmp/KreeKt/src/commonMain/kotlin/io/kreekt/xr/XRTypes.kt:267:12 Redeclaration:
data class XRRay : Any
e: file:///home/yousef/Projects/kmp/KreeKt/src/commonMain/kotlin/io/kreekt/xr/XRTypes.kt:276:11 Redeclaration:
interface XRHitTestSource : Any
e: file:///home/yousef/Projects/kmp/KreeKt/src/commonMain/kotlin/io/kreekt/xr/XRTypes.kt:283:11 Redeclaration:
interface XRTransientInputHitTestSource : Any
e: file:///home/yousef/Projects/kmp/KreeKt/src/commonMain/kotlin/io/kreekt/xr/XRTypes.kt:290:11 Redeclaration:
interface XRHitTestResult : Any
e: file:///home/yousef/Projects/kmp/KreeKt/src/commonMain/kotlin/io/kreekt/xr/XRTypes.kt:298:11 Redeclaration:
interface XRTransientInputHitTestResult : Any
e: file:///home/yousef/Projects/kmp/KreeKt/src/commonMain/kotlin/io/kreekt/xr/XRTypes.kt:345:11 Redeclaration:
interface XRLightEstimate : Any
e: file:///home/yousef/Projects/kmp/KreeKt/src/commonMain/kotlin/io/kreekt/xr/XRTypes.kt:422:11 Redeclaration:
interface XRDepthInformation : Any
e: file:///home/yousef/Projects/kmp/KreeKt/src/commonMain/kotlin/io/kreekt/xr/XRTypes.kt:442:12 Redeclaration:
enum class XRSessionMode : Enum<XRSessionMode>
e: file:///home/yousef/Projects/kmp/KreeKt/src/commonMain/kotlin/io/kreekt/xr/XRTypes.kt:456:12 Redeclaration:
enum class XRReferenceSpaceType : Enum<XRReferenceSpaceType>
e: file:///home/yousef/Projects/kmp/KreeKt/src/commonMain/kotlin/io/kreekt/xr/XRTypes.kt:490:12 Redeclaration:
enum class XREye : Enum<XREye>
e: file:///home/yousef/Projects/kmp/KreeKt/src/commonMain/kotlin/io/kreekt/xr/XRTypes.kt:577:12 Redeclaration:
enum class XRDepthUsage : Enum<XRDepthUsage>
e: file:///home/yousef/Projects/kmp/KreeKt/src/commonMain/kotlin/io/kreekt/xr/XRTypes.kt:582:12 Redeclaration:
enum class XRDepthDataFormat : Enum<XRDepthDataFormat>
e: file:///home/yousef/Projects/kmp/KreeKt/src/jvmMain/kotlin/io/kreekt/performance/AdaptiveRenderer.jvm.kt:11:29 Unresolved reference 'JVM'.
e: file:///home/yousef/Projects/kmp/KreeKt/src/jvmMain/kotlin/io/kreekt/physics/BulletPhysics.kt:32:41 Unresolved reference 'Error'.
e: file:///home/yousef/Projects/kmp/KreeKt/src/jvmMain/kotlin/io/kreekt/physics/BulletPhysics.kt:36:27 Unresolved reference 'Success'.
e: file:///home/yousef/Projects/kmp/KreeKt/src/jvmMain/kotlin/io/kreekt/physics/BulletPhysics.kt:38:27 Unresolved reference 'Error'.
e: file:///home/yousef/Projects/kmp/KreeKt/src/jvmMain/kotlin/io/kreekt/physics/BulletPhysics.kt:45:27 Unresolved reference 'Success'.
e: file:///home/yousef/Projects/kmp/KreeKt/src/jvmMain/kotlin/io/kreekt/physics/BulletPhysics.kt:47:27 Unresolved reference 'Error'.
e: file:///home/yousef/Projects/kmp/KreeKt/src/jvmMain/kotlin/io/kreekt/physics/BulletPhysics.kt:58:41 Unresolved reference 'Error'.
e: file:///home/yousef/Projects/kmp/KreeKt/src/jvmMain/kotlin/io/kreekt/physics/BulletPhysics.kt:62:27 Unresolved reference 'Success'.
e: file:///home/yousef/Projects/kmp/KreeKt/src/jvmMain/kotlin/io/kreekt/physics/BulletPhysics.kt:64:27 Unresolved reference 'Error'.
e: file:///home/yousef/Projects/kmp/KreeKt/src/jvmMain/kotlin/io/kreekt/physics/BulletPhysics.kt:71:27 Unresolved reference 'Success'.
e: file:///home/yousef/Projects/kmp/KreeKt/src/jvmMain/kotlin/io/kreekt/physics/BulletPhysics.kt:73:27 Unresolved reference 'Error'.
e: file:///home/yousef/Projects/kmp/KreeKt/src/jvmMain/kotlin/io/kreekt/physics/BulletPhysics.kt:82:27 Unresolved reference 'Success'.
e: file:///home/yousef/Projects/kmp/KreeKt/src/jvmMain/kotlin/io/kreekt/physics/BulletPhysics.kt:84:27 Unresolved reference 'Error'.
e: file:///home/yousef/Projects/kmp/KreeKt/src/jvmMain/kotlin/io/kreekt/physics/BulletPhysics.kt:91:27 Unresolved reference 'Success'.
e: file:///home/yousef/Projects/kmp/KreeKt/src/jvmMain/kotlin/io/kreekt/physics/BulletPhysics.kt:93:27 Unresolved reference 'Error'.
e: file:///home/yousef/Projects/kmp/KreeKt/src/jvmMain/kotlin/io/kreekt/physics/BulletPhysics.kt:107:27 Unresolved reference 'Success'.
e: file:///home/yousef/Projects/kmp/KreeKt/src/jvmMain/kotlin/io/kreekt/physics/BulletPhysics.kt:109:27 Unresolved reference 'Error'.
e: file:///home/yousef/Projects/kmp/KreeKt/src/jvmMain/kotlin/io/kreekt/physics/BulletPhysics.kt:195:27 Unresolved reference 'Success'.
e: file:///home/yousef/Projects/kmp/KreeKt/src/jvmMain/kotlin/io/kreekt/physics/BulletPhysics.kt:197:27 Unresolved reference 'Error'.
e: file:///home/yousef/Projects/kmp/KreeKt/src/jvmMain/kotlin/io/kreekt/physics/BulletPhysics.kt:220:27 Unresolved reference 'Success'.
e: file:///home/yousef/Projects/kmp/KreeKt/src/jvmMain/kotlin/io/kreekt/physics/BulletPhysics.kt:222:27 Unresolved reference 'Error'.
e: file:///home/yousef/Projects/kmp/KreeKt/src/jvmMain/kotlin/io/kreekt/physics/BulletPhysics.kt:229:27 Unresolved reference 'Success'.
e: file:///home/yousef/Projects/kmp/KreeKt/src/jvmMain/kotlin/io/kreekt/physics/BulletPhysics.kt:231:27 Unresolved reference 'Error'.
e: file:///home/yousef/Projects/kmp/KreeKt/src/jvmMain/kotlin/io/kreekt/physics/BulletPhysics.kt:238:27 Unresolved reference 'Success'.
e: file:///home/yousef/Projects/kmp/KreeKt/src/jvmMain/kotlin/io/kreekt/physics/BulletPhysics.kt:240:27 Unresolved reference 'Error'.
e: file:///home/yousef/Projects/kmp/KreeKt/src/jvmMain/kotlin/io/kreekt/physics/BulletPhysics.kt:247:27 Unresolved reference 'Success'.
e: file:///home/yousef/Projects/kmp/KreeKt/src/jvmMain/kotlin/io/kreekt/physics/BulletPhysics.kt:249:27 Unresolved reference 'Error'.
e: file:///home/yousef/Projects/kmp/KreeKt/src/jvmMain/kotlin/io/kreekt/physics/BulletPhysics.kt:361:27 Unresolved reference 'Success'.
e: file:///home/yousef/Projects/kmp/KreeKt/src/jvmMain/kotlin/io/kreekt/physics/BulletPhysics.kt:363:27 Unresolved reference 'Error'.
e: file:///home/yousef/Projects/kmp/KreeKt/src/jvmMain/kotlin/io/kreekt/physics/BulletPhysics.kt:487:33 Unresolved reference 'scale'.
e: file:///home/yousef/Projects/kmp/KreeKt/src/jvmMain/kotlin/io/kreekt/physics/BulletPhysics.kt:530:31 Unresolved reference 'scale'.
e: file:///home/yousef/Projects/kmp/KreeKt/src/jvmMain/kotlin/io/kreekt/physics/BulletPhysics.kt:533:31 Unresolved reference 'scale'.
e: file:///home/yousef/Projects/kmp/KreeKt/src/jvmMain/kotlin/io/kreekt/physics/BulletPhysics.kt:590:16 Return type mismatch: expected 'Vector3', actual 'Matrix3'.
e: file:///home/yousef/Projects/kmp/KreeKt/src/jvmMain/kotlin/io/kreekt/physics/BulletPhysics.kt:590:27 Unresolved reference 'scale'.
e: file:///home/yousef/Projects/kmp/KreeKt/src/jvmMain/kotlin/io/kreekt/physics/BulletPhysics.kt:766:50 Unresolved reference 'scale'.
e: file:///home/yousef/Projects/kmp/KreeKt/src/jvmMain/kotlin/io/kreekt/physics/BulletPhysics.kt:840:48 No value passed for parameter 'triangleIndex'.
e: file:///home/yousef/Projects/kmp/KreeKt/src/jvmMain/kotlin/io/kreekt/physics/BulletPhysics.kt:861:27 Unresolved reference 'v0'.
e: file:///home/yousef/Projects/kmp/KreeKt/src/jvmMain/kotlin/io/kreekt/physics/BulletPhysics.kt:861:38 Unresolved reference 'v1'.
e: file:///home/yousef/Projects/kmp/KreeKt/src/jvmMain/kotlin/io/kreekt/physics/BulletPhysics.kt:861:51 Unresolved reference 'v2'.
e: file:///home/yousef/Projects/kmp/KreeKt/src/jvmMain/kotlin/io/kreekt/physics/BulletPhysics.kt:870:26 Unresolved reference 'v1'.
e: file:///home/yousef/Projects/kmp/KreeKt/src/jvmMain/kotlin/io/kreekt/physics/BulletPhysics.kt:870:42 Unresolved reference 'v0'.
e: file:///home/yousef/Projects/kmp/KreeKt/src/jvmMain/kotlin/io/kreekt/physics/BulletPhysics.kt:871:26 Unresolved reference 'v2'.
e: file:///home/yousef/Projects/kmp/KreeKt/src/jvmMain/kotlin/io/kreekt/physics/BulletPhysics.kt:871:42 Unresolved reference 'v0'.
e: file:///home/yousef/Projects/kmp/KreeKt/src/jvmMain/kotlin/io/kreekt/physics/BulletPhysics.kt:872:24 Unresolved reference 'cross'.
e: file:///home/yousef/Projects/kmp/KreeKt/src/jvmMain/kotlin/io/kreekt/physics/BulletPhysics.kt:957:27 Unresolved reference 'Success'.
e: file:///home/yousef/Projects/kmp/KreeKt/src/jvmMain/kotlin/io/kreekt/physics/BulletPhysics.kt:959:27 Unresolved reference 'Error'.
e: file:///home/yousef/Projects/kmp/KreeKt/src/jvmMain/kotlin/io/kreekt/physics/BulletPhysics.kt:967:27 Unresolved reference 'Success'.
e: file:///home/yousef/Projects/kmp/KreeKt/src/jvmMain/kotlin/io/kreekt/physics/BulletPhysics.kt:969:27 Unresolved reference 'Error'.
e: file:///home/yousef/Projects/kmp/KreeKt/src/jvmMain/kotlin/io/kreekt/physics/BulletPhysics.kt:979:27 Unresolved reference 'Success'.
e: file:///home/yousef/Projects/kmp/KreeKt/src/jvmMain/kotlin/io/kreekt/physics/BulletPhysics.kt:981:27 Unresolved reference 'Error'.
e: file:///home/yousef/Projects/kmp/KreeKt/src/jvmMain/kotlin/io/kreekt/physics/BulletPhysics.kt:991:27 Unresolved reference 'Success'.
e: file:///home/yousef/Projects/kmp/KreeKt/src/jvmMain/kotlin/io/kreekt/physics/BulletPhysics.kt:993:27 Unresolved reference 'Error'.
e: file:///home/yousef/Projects/kmp/KreeKt/src/jvmMain/kotlin/io/kreekt/physics/BulletPhysics.kt:1054:9 Class 'BulletCharacterController' is not abstract and does not implement abstract members:
var maxSlope: Float
var velocityForTimeInterval: Vector3
var collisionGroups: Int
var collisionMask: Int
var userData: Any?
var contactProcessingThreshold: Float
var collisionFlags: Int
